// Jest Snapshot v1, https://goo.gl/fbAQLP

exports[`App error 1`] = `
<div>
  <div>
    Error :(
  </div>
</div>
`;

exports[`App render 1`] = `
<div>
  <div
    data-testid="stock-list"
  >
    <div
      class="ant-table-wrapper"
    >
      <div
        class="ant-spin-nested-loading"
      >
        <div
          class="ant-spin-container"
        >
          <div
            class="ant-table ant-table-small ant-table-empty ant-table-scroll-position-left"
          >
            <div
              class="ant-table-content"
            >
              <div
                class="ant-table-body"
              >
                <table
                  class=""
                >
                  <colgroup>
                    <col />
                    <col />
                    <col />
                    <col />
                  </colgroup>
                  <thead
                    class="ant-table-thead"
                  >
                    <tr>
                      <th
                        class=""
                      >
                        <span>
                          Code
                        </span>
                      </th>
                      <th
                        class=""
                      >
                        <span>
                          Name
                        </span>
                      </th>
                      <th
                        class=""
                      >
                        <span>
                          Lot Size
                        </span>
                      </th>
                      <th
                        class=""
                      >
                        <span>
                          Status
                        </span>
                      </th>
                    </tr>
                  </thead>
                  <tbody
                    class="ant-table-tbody"
                  />
                </table>
              </div>
              <div
                class="ant-table-placeholder"
              >
                No data
              </div>
            </div>
          </div>
        </div>
      </div>
    </div>
  </div>
</div>
`;
