// Jest Snapshot v1, https://goo.gl/fbAQLP

exports[`App error 1`] = `
<div>
  <div>
    Error :(
  </div>
</div>
`;

exports[`App render 1`] = `
<div>
  <div>
    <h4>
      Stocks :
    </h4>
    <ul>
      <li>
        0001.HK
         
        長和
      </li>
      <li>
        0002.HK
         
        中電控股
      </li>
    </ul>
  </div>
</div>
`;
